 -------------------
 Symbol   | Location
 ---------+---------
 auxp     |   1DA
 auxr     |   1AF
 bd       |   1EE
 br       |   1B1
 cd       |   1EC
 condD    |   1E0
 div      |   1DD
 divt     |   1B2
 endD     |   1EA
 endDt    |   1C6
 endP     |   1D7
 endR     |   1AD
 endwhile |   1FD
 hr       |   1B0
 iM       |   202
 loopD    |   1E5
 loopDt   |   1B5
 loopP    |   1CF
 loopR    |   19A
 mDt      |   1CA
 mM       |   201
 mp       |   1DB
 mult     |   1EF
 nDt      |   1C9
 np       |   1DC
 one      |   184
 pM       |   1FF
 pow      |   1CB
 qM       |   200
 root     |   195
 rtaDt    |   1C8
 s1       |   191
 s2       |   192
 s3       |   193
 sx11     |   122
 sx12     |   125
 sx21     |   130
 sx22     |   133
 sx31     |   13E
 sx32     |   141
 sy11     |   129
 sy12     |   12C
 sy21     |   137
 sy22     |   13A
 sy31     |   145
 sy32     |   148
 while    |   1F3
 x        |   194
 x1       |   185
 x11      |   18B
 x12      |   18C
 x13      |   18D
 x2       |   186
 x3       |   187
 xd       |   1ED
 y1       |   188
 y11      |   18E
 y12      |   18F
 y13      |   190
 y2       |   189
 y3       |   18A
 zero     |   183
